This template shows a batl bug:

   $ <--- just a dollar sign
